src/components/project/ProjectResumeView.tsx(452,43): error TS7006: Parameter 'm' implicitly has an 'any' type.
src/components/project/ProjectResumeView.tsx(468,27): error TS2304: Cannot find name 'T12Category'.
src/components/project/ProjectResumeView.tsx(482,29): error TS2304: Cannot find name 'T12Category'.
src/components/project/ProjectResumeView.tsx(501,33): error TS7006: Parameter 'monthStr' implicitly has an 'any' type.
src/components/project/ProjectResumeView.tsx(501,43): error TS7006: Parameter 'mIdx' implicitly has an 'any' type.
src/components/project/ProjectResumeView.tsx(557,28): error TS7006: Parameter 'month' implicitly has an 'any' type.
